###############################################################################
#                                                                             #
#     IAR Assembler V8.11.1.13263/W32 for ARM 11/May/2017  11:13:51           #
#     Copyright 1999-2017 IAR Systems AB.                                     #
#                                                                             #
#           Source file   =  D:\绗崄浜屽眾鐢电缁刓Car\Chip\src\IAR\startup_MK60DZ10.s#
#           List file     =  D:\绗崄浜屽眾鐢电缁刓Car\Prj\IAR\DZ10_Debug\List\startup_MK60DZ10.lst#
#           Object file   =  D:\绗崄浜屽眾鐢电缁刓Car\Prj\IAR\DZ10_Debug\Obj\startup_MK60DZ10.o#
#           Command line  =  -f C:\Users\lll88\AppData\Local\Temp\EWFCC.tmp   #
#                            (D:\绗崄浜屽眾鐢电缁刓Car\Chip\src\IAR\startup_MK60DZ10.s #
#                            -OD:\绗崄浜屽眾鐢电缁刓Car\Prj\IAR\DZ10_Debug\Obj #
#                            -s+ -M<> -w+ -r                                  #
#                            -LD:\绗崄浜屽眾鐢电缁刓Car\Prj\IAR\DZ10_Debug\List #
#                            -t8 --cpu Cortex-M4 --fpu None)                  #
#                                                                             #
###############################################################################

    1                            /*!
    2                             *     COPYRIGHT NOTICE
    3                             *     Copyright (c) 2013,山外科技
    4                             *     All rights reserved. 
    5                             *     技术讨论：山外初学论坛 http://www.vcan
                                123.com
    6                             *
    7                             *     除注明出处外，以下所有内容版权均属山外
                                科技所有，未经允许，不得用于商业用途，
    8                             *     修改内容时必须保留山外科技的版权声明。
    9                             *
   10                             * @file       startup_MK60DZ10.s
   11                             * @brief      系统启动复位函数
   12                             * @author     山外科技
   13                             * @version    v5.0
   14                             * @date       2013-07-02
   15                             */
   16                             
   17                           ;         AREA   Crt0, CODE, READONLY      ;
                                 name this block of code
   18                           
   19                           
   20                           
   21                               SECTION .noinit : CODE          ;
                                 //指定代码段：.noinit
   22                               EXPORT  Reset_Handler           ; //定义
                                 Reset_Handler 函数
   23                           Reset_Handler
   24    00000000 62B6              CPSIE   i                       ;
                                                                     //使能全部
                                                                    中断
   25                               import start                    ;
                                 //声明函数
   26    00000002 ........          BL      start                   ; //调用
                                                                     C语言函数
                                                                     start
   27                           __done
   28    00000006 FEE7              B       __done
   29                           
   30                           
   31                                   END
##############################
#           CRC:0            #
#        Errors:   0         #
#        Warnings: 0         #
#          Bytes: 8          #
##############################



